[2J[01;01H[=3h[2J[01;01H[2J[01;01H[=3h[2J[01;01H[2J[01;01H[=3h[2J[01;01HBdsDxe: loading Boot0001 "UEFI QEMU HARDDISK QM00013 " from PciRoot(0x0)/Pci(0x2,0x0)/Sata(0x0,0xFFFF,0x0)
BdsDxe: starting Boot0001 "UEFI QEMU HARDDISK QM00013 " from PciRoot(0x0)/Pci(0x2,0x0)/Sata(0x0,0xFFFF,0x0)
ACOS Bootloader: Loading Kernel...
[BOOT] GOP found: base=0x0000000080000000 size=0x00000000003E8000 w=0x0000000000000500 h=0x0000000000000320 pitch=0x0000000000000500
ACOS Bootloader: Kernel entry 0x0000000000123CD8
[BOOT] Found ACPI 1.0 RSDP
[BOOT] Memory map: 0x000000000000007B regions
ACOS Kernel: Initializing...
PMM: total_pages=0x000000000001FE77 max_addr=0x000000001FE77000
[PMM] Initialized. Buddy Allocator active (orders 0-16).
[VMM] Mapped and initialized PCI Express ECAM: base=0x00000000E0000000
[VMM] Strict W^X Memory Protection Verified successfully!
[VMM] CR3 loaded
[FPU] Legacy FXSAVE/FXRSTOR context management enabled.
FAT32: probe called
FAT32: reading block 0...
FAT32: block 0 read successfully
FAT32: checking magic numbers...
FAT32: invalid magic 55 AA!
ASFS: probe called
ASFS: mounted successfully at /!
FileSystem: Mounted asfs at /
FAT32: probe called
FAT32: reading block 0...
FAT32: block 0 read successfully
FAT32: checking magic numbers...
FAT32: invalid magic 55 AA!
ASFS: probe called
ASFS: mounted successfully at /asfs_ram!
FileSystem: Mounted asfs at /asfs_ram
PartitionManager: GPT Signature Matched on device!
PartitionManager: Parsing GPT Entries count=0x0000000000000080 starting LBA=0x0000000000000002
FAT32: probe called
FAT32: reading block 0...
FAT32: block 0 read successfully
FAT32: checking magic numbers...
FAT32: magic numbers check passed
FAT32: checking slot 0x0000000000000000
FAT32: copying filesystem instance...
FAT32: instance copied to slot
FAT32: calling mount...
FAT32: mount - reading block 0...
FAT32: mount - parsing values...
FAT32: bytes_per_sector=0x0000000000000200
FAT32: sectors_per_cluster=0x0000000000000001
FAT32: reserved_sectors=0x0000000000000020
FAT32: num_fats=0x0000000000000002
FAT32: sectors_per_fat=0x0000000000000400
FAT32: total_sectors=0x0000000000020000
FAT32: root_cluster=0x0000000000000002
FAT32: fsinfo_sector=0x0000000000000001
FAT32: m_fat_start=0x0000000000000020 m_data_start=0x0000000000000820
FAT32: mount returned 0x0000000000000001
FAT32: mounting via VFS...
FAT32: mounted successfully!
FileSystem: Mounted fat32 at /
PartitionManager: Found GPT EFI System Partition (ESP) at LBA: 0x0000000000000800
FAT32: probe called
FAT32: reading block 0...
FAT32: block 0 read successfully
FAT32: checking magic numbers...
FAT32: magic numbers check passed
FAT32: checking slot 0x0000000000000000
FAT32: checking slot 0x0000000000000001
FAT32: copying filesystem instance...
FAT32: instance copied to slot
FAT32: calling mount...
FAT32: mount - reading block 0...
FAT32: mount - parsing values...
FAT32: bytes_per_sector=0x0000000000000200
FAT32: sectors_per_cluster=0x0000000000000001
FAT32: reserved_sectors=0x0000000000000020
FAT32: num_fats=0x0000000000000002
FAT32: sectors_per_fat=0x0000000000000400
FAT32: total_sectors=0x0000000000020000
FAT32: root_cluster=0x0000000000000002
FAT32: fsinfo_sector=0x0000000000000001
FAT32: m_fat_start=0x0000000000000020 m_data_start=0x0000000000000820
FAT32: mount returned 0x0000000000000001
FAT32: mounting via VFS...
FAT32: mounted successfully!
FileSystem: Mounted fat32 at /
FAT32: probe called
FAT32: reading block 0...
FAT32: block 0 read successfully
FAT32: checking magic numbers...
FAT32: invalid magic 55 AA!
ASFS: probe called
ASFS: mounted successfully at /!
FileSystem: Mounted asfs at /
PartitionManager: Found GPT ASFS Partition at LBA: 0x0000000000020800
FAT32: probe called
FAT32: reading block 0...
FAT32: block 0 read successfully
FAT32: checking magic numbers...
FAT32: invalid magic 55 AA!
ASFS: probe called
ASFS: mounted successfully at /system!
FileSystem: Mounted asfs at /system
FAT32: probe called
FAT32: reading block 0...
FAT32: block 0 read successfully
FAT32: checking magic numbers...
FAT32: invalid magic 55 AA!
ASFS: probe called
FileSystem: Failed to mount device at /
PartitionManager: Found GPT ASFS Data Partition at LBA: 0x0000000000030000
FAT32: probe called
FAT32: reading block 0...
FAT32: block 0 read successfully
FAT32: checking magic numbers...
FAT32: invalid magic 55 AA!
ASFS: probe called
FileSystem: Failed to mount device at /data
PartitionManager: GPT Signature Matched on device!
PartitionManager: Parsing GPT Entries count=0x0000000000000080 starting LBA=0x0000000000000002
FAT32: probe called
FAT32: reading block 0...
FAT32: block 0 read successfully
FAT32: checking magic numbers...
FAT32: magic numbers check passed
FAT32: checking slot 0x0000000000000000
FAT32: checking slot 0x0000000000000001
FAT32: checking slot 0x0000000000000002
FAT32: copying filesystem instance...
FAT32: instance copied to slot
FAT32: calling mount...
FAT32: mount - reading block 0...
FAT32: mount - parsing values...
FAT32: bytes_per_sector=0x0000000000000200
FAT32: sectors_per_cluster=0x0000000000000001
FAT32: reserved_sectors=0x0000000000000020
FAT32: num_fats=0x0000000000000002
FAT32: sectors_per_fat=0x0000000000000400
FAT32: total_sectors=0x0000000000020000
FAT32: root_cluster=0x0000000000000002
FAT32: fsinfo_sector=0x0000000000000001
FAT32: m_fat_start=0x0000000000000020 m_data_start=0x0000000000000820
FAT32: mount returned 0x0000000000000001
FAT32: mounting via VFS...
FAT32: mounted successfully!
FileSystem: Mounted fat32 at /
PartitionManager: Found GPT EFI System Partition (ESP) at LBA: 0x0000000000000800
FAT32: probe called
FAT32: reading block 0...
FAT32: block 0 read successfully
FAT32: checking magic numbers...
FAT32: magic numbers check passed
FAT32: checking slot 0x0000000000000000
FAT32: checking slot 0x0000000000000001
FAT32: checking slot 0x0000000000000002
FAT32: checking slot 0x0000000000000003
FAT32: copying filesystem instance...
FAT32: instance copied to slot
FAT32: calling mount...
FAT32: mount - reading block 0...
FAT32: mount - parsing values...
FAT32: bytes_per_sector=0x0000000000000200
FAT32: sectors_per_cluster=0x0000000000000001
FAT32: reserved_sectors=0x0000000000000020
FAT32: num_fats=0x0000000000000002
FAT32: sectors_per_fat=0x0000000000000400
FAT32: total_sectors=0x0000000000020000
FAT32: root_cluster=0x0000000000000002
FAT32: fsinfo_sector=0x0000000000000001
FAT32: m_fat_start=0x0000000000000020 m_data_start=0x0000000000000820
FAT32: mount returned 0x0000000000000001
FAT32: mounting via VFS...
FAT32: mounted successfully!
FileSystem: Mounted fat32 at /
FAT32: probe called
FAT32: reading block 0...
FAT32: block 0 read successfully
FAT32: checking magic numbers...
FAT32: invalid magic 55 AA!
ASFS: probe called
FileSystem: Failed to mount device at /
PartitionManager: Found GPT ASFS Partition at LBA: 0x0000000000020800
FAT32: probe called
FAT32: reading block 0...
FAT32: block 0 read successfully
FAT32: checking magic numbers...
FAT32: invalid magic 55 AA!
ASFS: probe called
FileSystem: Failed to mount device at /system
FAT32: probe called
FAT32: reading block 0...
FAT32: block 0 read successfully
FAT32: checking magic numbers...
FAT32: invalid magic 55 AA!
ASFS: probe called
FileSystem: Failed to mount device at /
PartitionManager: Found GPT ASFS Data Partition at LBA: 0x0000000000030000
FAT32: probe called
FAT32: reading block 0...
FAT32: block 0 read successfully
FAT32: checking magic numbers...
FAT32: invalid magic 55 AA!
ASFS: probe called
FileSystem: Failed to mount device at /data
[Input Self-Test] Starting...
[Input Self-Test] Keyboard event popped and verified.
[Input Self-Test] Mouse event popped and verified.
[Input Self-Test] PASSED successfully!
GraphicsManager::init - start
GraphicsManager::init - calling FontManager::initialize
GraphicsManager::init - end
Testing root filesystem...
Root directory contents:
  apps
  users
  shared

--- ASFS Writable RAM-Disk Test Suite ---
Failed to access /asfs_ram directory

--- ASFS /system Read-Only Mount Verification ---
ASFS /system directory contents:
  bin
  lib
Reading '/system/bin/cli.elf' contents...
  VFS: open called for /system/bin/cli.elf
  VFS: relative_path: bin/cli.elf
  VFS: register_file fd=0x0000000000000000
File content: ELFAttempting to write to read-only mounted /system filesystem...
ASFS Error: mkdir rejected on read-only mounted filesystem!
[SUCCESS] Properly blocked writing to read-only mounted system filesystem!

--- ASFS Writable Disk-backed /data Mount Verification ---
ASFS Writable /data is currently unmounted or unavailable.

--- ASFS Verification Completed ---

  VFS: open called for /system/bin/desktop.elf
  VFS: relative_path: bin/desktop.elf
  VFS: register_file fd=0x0000000000000000
Main: Spawning /system/bin/desktop.elf
  VFS: open called for /system/bin/desktop.elf
  VFS: relative_path: bin/desktop.elf
  VFS: register_file fd=0x0000000000000000
Main: size=0x00000000001A4400
Main: read done
  ProcessLoader: create_process_from_elf called for /system/bin/desktop.elf
  ProcessLoader: Process created, id=0x0000000000000001
  ProcessLoader: loading executable...
  ProcessLoader: load successful, entry=0x0000000000401000
  ProcessLoader: code at entry: 0x0000000000000055 0x0000000000000048 0x0000000000000089 0x00000000000000E5 0x0000000000000048 0x0000000000000031 0x00000000000000FF 0x0000000000000048 0x0000000000000031 0x00000000000000F6 0x00000000000000E8 0x0000000000000081 0x000000000000004E 0x0000000000000000 0x0000000000000000 0x0000000000000048
  ProcessLoader: PML4 Entry: 0x0000000000007007
  ProcessLoader: PDPT Entry: 0x000000001BB98007
  ProcessLoader: PD Entry: 0x000000001BB9D007
  ProcessLoader: PT Entry: 0x000000001BB9E005
  ProcessLoader: allocating stack...
  ProcessLoader: translate stack 0x00006FFFFFFFF000 -> 0x80000000019C2000
  ProcessLoader: translate stack 0x00006FFFFFFFE000 -> 0x80000000019C6000
  ProcessLoader: translate stack 0x00006FFFFFFFD000 -> 0x80000000019C7000
  ProcessLoader: translate stack 0x00006FFFFFFFC000 -> 0x80000000019C8000
  ProcessLoader: translate stack 0x00006FFFFFFFB000 -> 0x80000000019C9000
  ProcessLoader: translate stack 0x00006FFFFFFFA000 -> 0x80000000019CA000
  ProcessLoader: translate stack 0x00006FFFFFFF9000 -> 0x80000000019CB000
  ProcessLoader: translate stack 0x00006FFFFFFF8000 -> 0x80000000019CC000
  ProcessLoader: translate stack 0x00006FFFFFFF7000 -> 0x80000000019CD000
  ProcessLoader: translate stack 0x00006FFFFFFF6000 -> 0x80000000019CE000
  ProcessLoader: translate stack 0x00006FFFFFFF5000 -> 0x80000000019CF000
  ProcessLoader: translate stack 0x00006FFFFFFF4000 -> 0x80000000019D0000
  ProcessLoader: translate stack 0x00006FFFFFFF3000 -> 0x80000000019D1000
  ProcessLoader: translate stack 0x00006FFFFFFF2000 -> 0x80000000019D2000
  ProcessLoader: translate stack 0x00006FFFFFFF1000 -> 0x80000000019D3000
  ProcessLoader: translate stack 0x00006FFFFFFF0000 -> 0x80000000019D4000
  ProcessLoader: translate stack 0x00006FFFFFFEF000 -> 0x80000000019D5000
  ProcessLoader: translate stack 0x00006FFFFFFEE000 -> 0x80000000019D6000
  ProcessLoader: translate stack 0x00006FFFFFFED000 -> 0x80000000019D7000
  ProcessLoader: translate stack 0x00006FFFFFFEC000 -> 0x80000000019D8000
  ProcessLoader: translate stack 0x00006FFFFFFEB000 -> 0x80000000019D9000
  ProcessLoader: translate stack 0x00006FFFFFFEA000 -> 0x80000000019DA000
  ProcessLoader: translate stack 0x00006FFFFFFE9000 -> 0x80000000019DB000
  ProcessLoader: translate stack 0x00006FFFFFFE8000 -> 0x80000000019DC000
  ProcessLoader: translate stack 0x00006FFFFFFE7000 -> 0x80000000019DD000
  ProcessLoader: translate stack 0x00006FFFFFFE6000 -> 0x80000000019DE000
  ProcessLoader: translate stack 0x00006FFFFFFE5000 -> 0x80000000019DF000
  ProcessLoader: translate stack 0x00006FFFFFFE4000 -> 0x80000000019E0000
  ProcessLoader: translate stack 0x00006FFFFFFE3000 -> 0x80000000019E1000
  ProcessLoader: translate stack 0x00006FFFFFFE2000 -> 0x80000000019E2000
  ProcessLoader: translate stack 0x00006FFFFFFE1000 -> 0x80000000019E3000
  ProcessLoader: translate stack 0x00006FFFFFFE0000 -> 0x80000000019E4000
  ProcessLoader: translate stack 0x00006FFFFFFDF000 -> 0x80000000019E5000
  ProcessLoader: translate stack 0x00006FFFFFFDE000 -> 0x80000000019E6000
  ProcessLoader: translate stack 0x00006FFFFFFDD000 -> 0x80000000019E7000
  ProcessLoader: translate stack 0x00006FFFFFFDC000 -> 0x80000000019E8000
  ProcessLoader: translate stack 0x00006FFFFFFDB000 -> 0x80000000019E9000
  ProcessLoader: translate stack 0x00006FFFFFFDA000 -> 0x80000000019EA000
  ProcessLoader: translate stack 0x00006FFFFFFD9000 -> 0x80000000019EB000
  ProcessLoader: translate stack 0x00006FFFFFFD8000 -> 0x80000000019EC000
  ProcessLoader: translate stack 0x00006FFFFFFD7000 -> 0x80000000019ED000
  ProcessLoader: translate stack 0x00006FFFFFFD6000 -> 0x80000000019EE000
  ProcessLoader: translate stack 0x00006FFFFFFD5000 -> 0x80000000019EF000
  ProcessLoader: translate stack 0x00006FFFFFFD4000 -> 0x80000000019F0000
  ProcessLoader: translate stack 0x00006FFFFFFD3000 -> 0x80000000019F1000
  ProcessLoader: translate stack 0x00006FFFFFFD2000 -> 0x80000000019F2000
  ProcessLoader: translate stack 0x00006FFFFFFD1000 -> 0x80000000019F3000
  ProcessLoader: translate stack 0x00006FFFFFFD0000 -> 0x80000000019F4000
  ProcessLoader: translate stack 0x00006FFFFFFCF000 -> 0x80000000019F5000
  ProcessLoader: translate stack 0x00006FFFFFFCE000 -> 0x80000000019F6000
  ProcessLoader: translate stack 0x00006FFFFFFCD000 -> 0x80000000019F7000
  ProcessLoader: translate stack 0x00006FFFFFFCC000 -> 0x80000000019F8000
  ProcessLoader: translate stack 0x00006FFFFFFCB000 -> 0x80000000019F9000
  ProcessLoader: translate stack 0x00006FFFFFFCA000 -> 0x80000000019FA000
  ProcessLoader: translate stack 0x00006FFFFFFC9000 -> 0x80000000019FB000
  ProcessLoader: translate stack 0x00006FFFFFFC8000 -> 0x80000000019FC000
  ProcessLoader: translate stack 0x00006FFFFFFC7000 -> 0x80000000019FD000
  ProcessLoader: translate stack 0x00006FFFFFFC6000 -> 0x80000000019FE000
  ProcessLoader: translate stack 0x00006FFFFFFC5000 -> 0x80000000019FF000
  ProcessLoader: translate stack 0x00006FFFFFFC4000 -> 0x8000000001A00000
  ProcessLoader: translate stack 0x00006FFFFFFC3000 -> 0x8000000001A01000
  ProcessLoader: translate stack 0x00006FFFFFFC2000 -> 0x8000000001A02000
  ProcessLoader: translate stack 0x00006FFFFFFC1000 -> 0x8000000001A03000
  ProcessLoader: translate stack 0x00006FFFFFFC0000 -> 0x8000000001A04000
  ProcessLoader: translate stack 0x00006FFFFFFBF000 -> 0x8000000001A05000
  ProcessLoader: translate stack 0x00006FFFFFFBE000 -> 0x8000000001A06000
  ProcessLoader: translate stack 0x00006FFFFFFBD000 -> 0x8000000001A07000
  ProcessLoader: translate stack 0x00006FFFFFFBC000 -> 0x8000000001A08000
  ProcessLoader: translate stack 0x00006FFFFFFBB000 -> 0x8000000001A09000
  ProcessLoader: translate stack 0x00006FFFFFFBA000 -> 0x8000000001A0A000
  ProcessLoader: translate stack 0x00006FFFFFFB9000 -> 0x8000000001A0B000
  ProcessLoader: translate stack 0x00006FFFFFFB8000 -> 0x8000000001A0C000
  ProcessLoader: translate stack 0x00006FFFFFFB7000 -> 0x8000000001A0D000
  ProcessLoader: translate stack 0x00006FFFFFFB6000 -> 0x8000000001A0E000
  ProcessLoader: translate stack 0x00006FFFFFFB5000 -> 0x8000000001A0F000
  ProcessLoader: translate stack 0x00006FFFFFFB4000 -> 0x8000000001A10000
  ProcessLoader: translate stack 0x00006FFFFFFB3000 -> 0x8000000001A11000
  ProcessLoader: translate stack 0x00006FFFFFFB2000 -> 0x8000000001A12000
  ProcessLoader: translate stack 0x00006FFFFFFB1000 -> 0x8000000001A13000
  ProcessLoader: translate stack 0x00006FFFFFFB0000 -> 0x8000000001A14000
  ProcessLoader: translate stack 0x00006FFFFFFAF000 -> 0x8000000001A15000
  ProcessLoader: translate stack 0x00006FFFFFFAE000 -> 0x8000000001A16000
  ProcessLoader: translate stack 0x00006FFFFFFAD000 -> 0x8000000001A17000
  ProcessLoader: translate stack 0x00006FFFFFFAC000 -> 0x8000000001A18000
  ProcessLoader: translate stack 0x00006FFFFFFAB000 -> 0x8000000001A19000
  ProcessLoader: translate stack 0x00006FFFFFFAA000 -> 0x8000000001A1A000
  ProcessLoader: translate stack 0x00006FFFFFFA9000 -> 0x8000000001A1B000
  ProcessLoader: translate stack 0x00006FFFFFFA8000 -> 0x8000000001A1C000
  ProcessLoader: translate stack 0x00006FFFFFFA7000 -> 0x8000000001A1D000
  ProcessLoader: translate stack 0x00006FFFFFFA6000 -> 0x8000000001A1E000
  ProcessLoader: translate stack 0x00006FFFFFFA5000 -> 0x8000000001A1F000
  ProcessLoader: translate stack 0x00006FFFFFFA4000 -> 0x8000000001A20000
  ProcessLoader: translate stack 0x00006FFFFFFA3000 -> 0x8000000001A21000
  ProcessLoader: translate stack 0x00006FFFFFFA2000 -> 0x8000000001A22000
  ProcessLoader: translate stack 0x00006FFFFFFA1000 -> 0x8000000001A23000
  ProcessLoader: translate stack 0x00006FFFFFFA0000 -> 0x8000000001A24000
  ProcessLoader: translate stack 0x00006FFFFFF9F000 -> 0x8000000001A25000
  ProcessLoader: translate stack 0x00006FFFFFF9E000 -> 0x8000000001A26000
  ProcessLoader: translate stack 0x00006FFFFFF9D000 -> 0x8000000001A27000
  ProcessLoader: translate stack 0x00006FFFFFF9C000 -> 0x8000000001A28000
  ProcessLoader: translate stack 0x00006FFFFFF9B000 -> 0x8000000001A29000
  ProcessLoader: translate stack 0x00006FFFFFF9A000 -> 0x8000000001A2A000
  ProcessLoader: translate stack 0x00006FFFFFF99000 -> 0x8000000001A2B000
  ProcessLoader: translate stack 0x00006FFFFFF98000 -> 0x8000000001A2C000
  ProcessLoader: translate stack 0x00006FFFFFF97000 -> 0x8000000001A2D000
  ProcessLoader: translate stack 0x00006FFFFFF96000 -> 0x8000000001A2E000
  ProcessLoader: translate stack 0x00006FFFFFF95000 -> 0x8000000001A2F000
  ProcessLoader: translate stack 0x00006FFFFFF94000 -> 0x8000000001A30000
  ProcessLoader: translate stack 0x00006FFFFFF93000 -> 0x8000000001A31000
  ProcessLoader: translate stack 0x00006FFFFFF92000 -> 0x8000000001A32000
  ProcessLoader: translate stack 0x00006FFFFFF91000 -> 0x8000000001A33000
  ProcessLoader: translate stack 0x00006FFFFFF90000 -> 0x8000000001A34000
  ProcessLoader: translate stack 0x00006FFFFFF8F000 -> 0x8000000001A35000
  ProcessLoader: translate stack 0x00006FFFFFF8E000 -> 0x8000000001A36000
  ProcessLoader: translate stack 0x00006FFFFFF8D000 -> 0x8000000001A37000
  ProcessLoader: translate stack 0x00006FFFFFF8C000 -> 0x8000000001A38000
  ProcessLoader: translate stack 0x00006FFFFFF8B000 -> 0x8000000001A39000
  ProcessLoader: translate stack 0x00006FFFFFF8A000 -> 0x8000000001A3A000
  ProcessLoader: translate stack 0x00006FFFFFF89000 -> 0x8000000001A3B000
  ProcessLoader: translate stack 0x00006FFFFFF88000 -> 0x8000000001A3C000
  ProcessLoader: translate stack 0x00006FFFFFF87000 -> 0x8000000001A3D000
  ProcessLoader: translate stack 0x00006FFFFFF86000 -> 0x8000000001A3E000
  ProcessLoader: translate stack 0x00006FFFFFF85000 -> 0x8000000001A3F000
  ProcessLoader: translate stack 0x00006FFFFFF84000 -> 0x8000000001A40000
  ProcessLoader: translate stack 0x00006FFFFFF83000 -> 0x8000000001A41000
  ProcessLoader: translate stack 0x00006FFFFFF82000 -> 0x8000000001A42000
  ProcessLoader: translate stack 0x00006FFFFFF81000 -> 0x8000000001A43000
  ProcessLoader: translate stack 0x00006FFFFFF80000 -> 0x8000000001A44000
  ProcessLoader: translate stack 0x00006FFFFFF7F000 -> 0x8000000001A45000
  ProcessLoader: translate stack 0x00006FFFFFF7E000 -> 0x8000000001A46000
  ProcessLoader: translate stack 0x00006FFFFFF7D000 -> 0x8000000001A47000
  ProcessLoader: translate stack 0x00006FFFFFF7C000 -> 0x8000000001A48000
  ProcessLoader: translate stack 0x00006FFFFFF7B000 -> 0x8000000001A49000
  ProcessLoader: translate stack 0x00006FFFFFF7A000 -> 0x8000000001A4A000
  ProcessLoader: translate stack 0x00006FFFFFF79000 -> 0x8000000001A4B000
  ProcessLoader: translate stack 0x00006FFFFFF78000 -> 0x8000000001A4C000
  ProcessLoader: translate stack 0x00006FFFFFF77000 -> 0x8000000001A4D000
  ProcessLoader: translate stack 0x00006FFFFFF76000 -> 0x8000000001A4E000
  ProcessLoader: translate stack 0x00006FFFFFF75000 -> 0x8000000001A4F000
  ProcessLoader: translate stack 0x00006FFFFFF74000 -> 0x8000000001A50000
  ProcessLoader: translate stack 0x00006FFFFFF73000 -> 0x8000000001A51000
  ProcessLoader: translate stack 0x00006FFFFFF72000 -> 0x8000000001A52000
  ProcessLoader: translate stack 0x00006FFFFFF71000 -> 0x8000000001A53000
  ProcessLoader: translate stack 0x00006FFFFFF70000 -> 0x8000000001A54000
  ProcessLoader: translate stack 0x00006FFFFFF6F000 -> 0x8000000001A55000
  ProcessLoader: translate stack 0x00006FFFFFF6E000 -> 0x8000000001A56000
  ProcessLoader: translate stack 0x00006FFFFFF6D000 -> 0x8000000001A57000
  ProcessLoader: translate stack 0x00006FFFFFF6C000 -> 0x8000000001A58000
  ProcessLoader: translate stack 0x00006FFFFFF6B000 -> 0x8000000001A59000
  ProcessLoader: translate stack 0x00006FFFFFF6A000 -> 0x8000000001A5A000
  ProcessLoader: translate stack 0x00006FFFFFF69000 -> 0x8000000001A5B000
  ProcessLoader: translate stack 0x00006FFFFFF68000 -> 0x8000000001A5C000
  ProcessLoader: translate stack 0x00006FFFFFF67000 -> 0x8000000001A5D000
  ProcessLoader: translate stack 0x00006FFFFFF66000 -> 0x8000000001A5E000
  ProcessLoader: translate stack 0x00006FFFFFF65000 -> 0x8000000001A5F000
  ProcessLoader: translate stack 0x00006FFFFFF64000 -> 0x8000000001A60000
  ProcessLoader: translate stack 0x00006FFFFFF63000 -> 0x8000000001A61000
  ProcessLoader: translate stack 0x00006FFFFFF62000 -> 0x8000000001A62000
  ProcessLoader: translate stack 0x00006FFFFFF61000 -> 0x8000000001A63000
  ProcessLoader: translate stack 0x00006FFFFFF60000 -> 0x8000000001A64000
  ProcessLoader: translate stack 0x00006FFFFFF5F000 -> 0x8000000001A65000
  ProcessLoader: translate stack 0x00006FFFFFF5E000 -> 0x8000000001A66000
  ProcessLoader: translate stack 0x00006FFFFFF5D000 -> 0x8000000001A67000
  ProcessLoader: translate stack 0x00006FFFFFF5C000 -> 0x8000000001A68000
  ProcessLoader: translate stack 0x00006FFFFFF5B000 -> 0x8000000001A69000
  ProcessLoader: translate stack 0x00006FFFFFF5A000 -> 0x8000000001A6A000
  ProcessLoader: translate stack 0x00006FFFFFF59000 -> 0x8000000001A6B000
  ProcessLoader: translate stack 0x00006FFFFFF58000 -> 0x8000000001A6C000
  ProcessLoader: translate stack 0x00006FFFFFF57000 -> 0x8000000001A6D000
  ProcessLoader: translate stack 0x00006FFFFFF56000 -> 0x8000000001A6E000
  ProcessLoader: translate stack 0x00006FFFFFF55000 -> 0x8000000001A6F000
  ProcessLoader: translate stack 0x00006FFFFFF54000 -> 0x8000000001A70000
  ProcessLoader: translate stack 0x00006FFFFFF53000 -> 0x8000000001A71000
  ProcessLoader: translate stack 0x00006FFFFFF52000 -> 0x8000000001A72000
  ProcessLoader: translate stack 0x00006FFFFFF51000 -> 0x8000000001A73000
  ProcessLoader: translate stack 0x00006FFFFFF50000 -> 0x8000000001A74000
  ProcessLoader: translate stack 0x00006FFFFFF4F000 -> 0x8000000001A75000
  ProcessLoader: translate stack 0x00006FFFFFF4E000 -> 0x8000000001A76000
  ProcessLoader: translate stack 0x00006FFFFFF4D000 -> 0x8000000001A77000
  ProcessLoader: translate stack 0x00006FFFFFF4C000 -> 0x8000000001A78000
  ProcessLoader: translate stack 0x00006FFFFFF4B000 -> 0x8000000001A79000
  ProcessLoader: translate stack 0x00006FFFFFF4A000 -> 0x8000000001A7A000
  ProcessLoader: translate stack 0x00006FFFFFF49000 -> 0x8000000001A7B000
  ProcessLoader: translate stack 0x00006FFFFFF48000 -> 0x8000000001A7C000
  ProcessLoader: translate stack 0x00006FFFFFF47000 -> 0x8000000001A7D000
  ProcessLoader: translate stack 0x00006FFFFFF46000 -> 0x8000000001A7E000
  ProcessLoader: translate stack 0x00006FFFFFF45000 -> 0x8000000001A7F000
  ProcessLoader: translate stack 0x00006FFFFFF44000 -> 0x8000000001A80000
  ProcessLoader: translate stack 0x00006FFFFFF43000 -> 0x8000000001A81000
  ProcessLoader: translate stack 0x00006FFFFFF42000 -> 0x8000000001A82000
  ProcessLoader: translate stack 0x00006FFFFFF41000 -> 0x8000000001A83000
  ProcessLoader: translate stack 0x00006FFFFFF40000 -> 0x8000000001A84000
  ProcessLoader: translate stack 0x00006FFFFFF3F000 -> 0x8000000001A85000
  ProcessLoader: translate stack 0x00006FFFFFF3E000 -> 0x8000000001A86000
  ProcessLoader: translate stack 0x00006FFFFFF3D000 -> 0x8000000001A87000
  ProcessLoader: translate stack 0x00006FFFFFF3C000 -> 0x8000000001A88000
  ProcessLoader: translate stack 0x00006FFFFFF3B000 -> 0x8000000001A89000
  ProcessLoader: translate stack 0x00006FFFFFF3A000 -> 0x8000000001A8A000
  ProcessLoader: translate stack 0x00006FFFFFF39000 -> 0x8000000001A8B000
  ProcessLoader: translate stack 0x00006FFFFFF38000 -> 0x8000000001A8C000
  ProcessLoader: translate stack 0x00006FFFFFF37000 -> 0x8000000001A8D000
  ProcessLoader: translate stack 0x00006FFFFFF36000 -> 0x8000000001A8E000
  ProcessLoader: translate stack 0x00006FFFFFF35000 -> 0x8000000001A8F000
  ProcessLoader: translate stack 0x00006FFFFFF34000 -> 0x8000000001A90000
  ProcessLoader: translate stack 0x00006FFFFFF33000 -> 0x8000000001A91000
  ProcessLoader: translate stack 0x00006FFFFFF32000 -> 0x8000000001A92000
  ProcessLoader: translate stack 0x00006FFFFFF31000 -> 0x8000000001A93000
  ProcessLoader: translate stack 0x00006FFFFFF30000 -> 0x8000000001A94000
  ProcessLoader: translate stack 0x00006FFFFFF2F000 -> 0x8000000001A95000
  ProcessLoader: translate stack 0x00006FFFFFF2E000 -> 0x8000000001A96000
  ProcessLoader: translate stack 0x00006FFFFFF2D000 -> 0x8000000001A97000
  ProcessLoader: translate stack 0x00006FFFFFF2C000 -> 0x8000000001A98000
  ProcessLoader: translate stack 0x00006FFFFFF2B000 -> 0x8000000001A99000
  ProcessLoader: translate stack 0x00006FFFFFF2A000 -> 0x8000000001A9A000
  ProcessLoader: translate stack 0x00006FFFFFF29000 -> 0x8000000001A9B000
  ProcessLoader: translate stack 0x00006FFFFFF28000 -> 0x8000000001A9C000
  ProcessLoader: translate stack 0x00006FFFFFF27000 -> 0x8000000001A9D000
  ProcessLoader: translate stack 0x00006FFFFFF26000 -> 0x8000000001A9E000
  ProcessLoader: translate stack 0x00006FFFFFF25000 -> 0x8000000001A9F000
  ProcessLoader: translate stack 0x00006FFFFFF24000 -> 0x8000000001AA0000
  ProcessLoader: translate stack 0x00006FFFFFF23000 -> 0x8000000001AA1000
  ProcessLoader: translate stack 0x00006FFFFFF22000 -> 0x8000000001AA2000
  ProcessLoader: translate stack 0x00006FFFFFF21000 -> 0x8000000001AA3000
  ProcessLoader: translate stack 0x00006FFFFFF20000 -> 0x8000000001AA4000
  ProcessLoader: translate stack 0x00006FFFFFF1F000 -> 0x8000000001AA5000
  ProcessLoader: translate stack 0x00006FFFFFF1E000 -> 0x8000000001AA6000
  ProcessLoader: translate stack 0x00006FFFFFF1D000 -> 0x8000000001AA7000
  ProcessLoader: translate stack 0x00006FFFFFF1C000 -> 0x8000000001AA8000
  ProcessLoader: translate stack 0x00006FFFFFF1B000 -> 0x8000000001AA9000
  ProcessLoader: translate stack 0x00006FFFFFF1A000 -> 0x8000000001AAA000
  ProcessLoader: translate stack 0x00006FFFFFF19000 -> 0x8000000001AAB000
  ProcessLoader: translate stack 0x00006FFFFFF18000 -> 0x8000000001AAC000
  ProcessLoader: translate stack 0x00006FFFFFF17000 -> 0x8000000001AAD000
  ProcessLoader: translate stack 0x00006FFFFFF16000 -> 0x8000000001AAE000
  ProcessLoader: translate stack 0x00006FFFFFF15000 -> 0x8000000001AAF000
  ProcessLoader: translate stack 0x00006FFFFFF14000 -> 0x8000000001AB0000
  ProcessLoader: translate stack 0x00006FFFFFF13000 -> 0x8000000001AB1000
  ProcessLoader: translate stack 0x00006FFFFFF12000 -> 0x8000000001AB2000
  ProcessLoader: translate stack 0x00006FFFFFF11000 -> 0x8000000001AB3000
  ProcessLoader: translate stack 0x00006FFFFFF10000 -> 0x8000000001AB4000
  ProcessLoader: translate stack 0x00006FFFFFF0F000 -> 0x8000000001AB5000
  ProcessLoader: translate stack 0x00006FFFFFF0E000 -> 0x8000000001AB6000
  ProcessLoader: translate stack 0x00006FFFFFF0D000 -> 0x8000000001AB7000
  ProcessLoader: translate stack 0x00006FFFFFF0C000 -> 0x8000000001AB8000
  ProcessLoader: translate stack 0x00006FFFFFF0B000 -> 0x8000000001AB9000
  ProcessLoader: translate stack 0x00006FFFFFF0A000 -> 0x8000000001ABA000
  ProcessLoader: translate stack 0x00006FFFFFF09000 -> 0x8000000001ABB000
  ProcessLoader: translate stack 0x00006FFFFFF08000 -> 0x8000000001ABC000
  ProcessLoader: translate stack 0x00006FFFFFF07000 -> 0x8000000001ABD000
  ProcessLoader: translate stack 0x00006FFFFFF06000 -> 0x8000000001ABE000
  ProcessLoader: translate stack 0x00006FFFFFF05000 -> 0x8000000001ABF000
  ProcessLoader: translate stack 0x00006FFFFFF04000 -> 0x8000000001AC0000
  ProcessLoader: translate stack 0x00006FFFFFF03000 -> 0x8000000001AC1000
  ProcessLoader: translate stack 0x00006FFFFFF02000 -> 0x8000000001AC2000
  ProcessLoader: translate stack 0x00006FFFFFF01000 -> 0x8000000001AC3000
  ProcessLoader: translate stack 0x00006FFFFFF00000 -> 0x8000000001AC4000
  ProcessLoader: stack mapped, phys=0x0000700000000000
  ProcessLoader: creating thread...
  ProcessLoader: thread created successfully
Main: create_process child=0x000000001B800020
Main: calling kfree...
Main: kfree done
Main: waking thread
Main: Spawn complete
[ACPI] Finding MADT table...
[ACPI] Found MADT table. Parsing...
[ACPI] Dynamic LAPIC address from MADT: 0x00000000FEE00000
[ACPI] Dynamic IOAPIC address from MADT: 0x00000000FEC00000
[SCHED] Switching from thread 0x0000000000000000 (is_user=0x0000000000000000) to thread 0x0000000000000001 (is_user=0x0000000000000001)
[LOADER] kernel_thread_stub entered, thread=0x0000000000000001 entry=0x0000000000401000
[LOADER] CR3 loaded successfully! Entering Ring 3...
[SYSCALL] num=0x000000000000012C arg1=0x0000000000441816 arg2=0x0000000000000000 arg3=0x0000000000000000
  VFS: open called for /dev/console
  VFS: relative_path: console
  DevFS: open path='console'
  DevFS: matched console!
  VFS: register_file fd=0x0000000000000000
[SYSCALL] num=0x0000000000000137 arg1=0x0000000000000000 arg2=0x0000000000000000 arg3=0x0000000000000000
[SYSCALL] num=0x0000000000000137 arg1=0x0000000000000000 arg2=0x0000000000000001 arg3=0x0000000000000000
[SYSCALL] num=0x0000000000000137 arg1=0x0000000000000000 arg2=0x0000000000000002 arg3=0x0000000000000000
[SYSCALL] num=0x000000000000012D arg1=0x0000000000000000 arg2=0x0000000000000000 arg3=0x0000000000000000
[SYSCALL] num=0x0000000000000015 arg1=0x0000000000000000 arg2=0x00006FFFFFFFFE08 arg3=0x0000000000000000
[FAULT] GENERAL PROTECTION FAULT at RIP: 0x000000000043AEEE Code: 0x0000000000000000
[FAULT] Offending Ring 3 thread terminated to preserve kernel stability. Thread ID: 0x0000000000000001
[SCHED] Switching from thread 0x0000000000000001 (is_user=0x0000000000000001) to thread 0x0000000000000000 (is_user=0x0000000000000000)
